[www.agendalafecha.com/invitaciones/democumple/index.html]
[www.agendalafecha.com/invitaciones/democumple/assets/css/bootstrap.min8fb9.css]
[www.agendalafecha.com/invitaciones/democumple/assets/css/jquery.fancybox.min8fb9.css]
[www.agendalafecha.com/invitaciones/democumple/assets/css/stylesad33.css]
[backblue.gif]
[fade.gif]
[index.html]
[cdnjs.cloudflare.com/ajax/libs/font-awesome/5.13.0/css/all.min.css]
[www.agendalafecha.com/invitaciones/democumple/assets/img/logo-portada.png]
[www.agendalafecha.com/invitaciones/democumple/assets/img/galeria/1.jpg]
[www.agendalafecha.com/invitaciones/democumple/assets/img/galeria/2.jpg]
[www.agendalafecha.com/invitaciones/democumple/assets/img/galeria/3.jpg]
[www.agendalafecha.com/invitaciones/democumple/assets/img/galeria/4.jpg]
[www.agendalafecha.com/invitaciones/democumple/assets/js/jquery-3.5.1.slim.min5b19.js]
[www.agendalafecha.com/invitaciones/democumple/assets/js/parallax.min0482.js]
[www.agendalafecha.com/invitaciones/democumple/assets/js/jquery.fancybox.min5b19.js]
[www.agendalafecha.com/invitaciones/democumple/assets/js/scripts4c94.js]
[img1.wsimg.com/signals/js/clients/tccl/tccl.min.js]
[www.agendalafecha.com/invitaciones/democumple/index.html]
[www.agendalafecha.com/invitaciones/democumple/assets/css/bootstrap.min8fb9.css]
[www.agendalafecha.com/invitaciones/democumple/assets/css/jquery.fancybox.min8fb9.css]
[www.agendalafecha.com/invitaciones/democumple/assets/css/stylesad33.css]
[cdnjs.cloudflare.com/ajax/libs/font-awesome/5.13.0/css/all.min.css]
[www.agendalafecha.com/invitaciones/democumple/assets/img/icono-fiesta.svg]
[www.agendalafecha.com/invitaciones/democumple/assets/img/icono-dresscode.svg]
[www.agendalafecha.com/invitaciones/democumple/assets/img/icono-instagram.svg]
[www.agendalafecha.com/invitaciones/democumple/assets/img/icono-canciones.svg]
[www.agendalafecha.com/invitaciones/democumple/assets/img/icono-regalo.svg]
